// Jest Snapshot v1, https://goo.gl/fbAQLP

exports[`Games component renders the games component with the list of games 1`] = `
<div
  className="games"
>
  <h1
    className="games__title"
  >
    Test title
  </h1>
  <ul
    className="games__list"
  >
    <li
      className="game"
    >
      <a
        className="game__link"
        href="https://www.amazon.com/Red-Dead-Redemption-2-PlayStation-4/dp/B01M5DZ525/ref=sr_1_3?keywords=ps4+games&qid=1551459125&s=gateway&sr=8-3"
        rel="noopener noreferrer"
        target="_blank"
      >
        <img
          alt="Red Dead Redemption 2"
          className="game__img"
          src="https://m.media-amazon.com/images/I/81z80lFufgL._AC_UL872_FMwebp_QL65_.jpg"
        />
        <h3
          className="game__img_title"
        >
          Red Dead Redemption 2
        </h3>
      </a>
    </li>
    <li
      className="game"
    >
      <a
        className="game__link"
        href="https://www.amazon.com/Marvels-Spider-Man-PlayStation-4/dp/B01GW8YDLK/ref=sr_1_4?keywords=ps4+games&qid=1551459125&s=gateway&sr=8-4"
        rel="noopener noreferrer"
        target="_blank"
      >
        <img
          alt="Marvels Spiderman"
          className="game__img"
          src="https://m.media-amazon.com/images/I/81d6JU6g1pL._AC_UL872_FMwebp_QL65_.jpg"
        />
        <h3
          className="game__img_title"
        >
          Marvels Spiderman
        </h3>
      </a>
    </li>
    <li
      className="game"
    >
      <a
        className="game__link"
        href="https://www.amazon.com/Marvels-Spider-Man-PlayStation-4/dp/B01GW8YDLK/ref=sr_1_4?keywords=ps4+games&qid=1551459125&s=gateway&sr=8-4"
        rel="noopener noreferrer"
        target="_blank"
      >
        <img
          alt="God of war"
          className="game__img"
          src="https://m.media-amazon.com/images/I/51po2bu7VnL._AC_UL872_FMwebp_QL65_.jpg"
        />
        <h3
          className="game__img_title"
        >
          God of war
        </h3>
      </a>
    </li>
    <li
      className="game"
    >
      <a
        className="game__link"
        href="https://www.amazon.com/Assassins-Creed-Odyssey-PlayStation-4-Standard/dp/B07DKYN13M/ref=sr_1_5?keywords=ps4+games&qid=1551460416&s=gateway&sr=8-5"
        rel="noopener noreferrer"
        target="_blank"
      >
        <img
          alt="Assassins creed Odyssey"
          className="game__img"
          src="https://m.media-amazon.com/images/I/81da48KsFpL._AC_UL872_FMwebp_QL65_.jpg"
        />
        <h3
          className="game__img_title"
        >
          Assassins creed Odyssey
        </h3>
      </a>
    </li>
  </ul>
</div>
`;
